[www.thegamebakers.com/cairn/index.html]
[backblue.gif]
[fade.gif]
[index.html]
[www.thegamebakers.com/wp-content/themes/xion-progression-child/assets/css/cairn68b3.css]
[www.thegamebakers.com/wp-includes/css/dist/block-library/style.min32d4.css]
[www.thegamebakers.com/wp-content/plugins/woocommerce/assets/client/blocks/woocommerce/add-to-cart-form-style32d4.css]
[www.thegamebakers.com/wp-content/plugins/woocommerce/assets/client/blocks/woocommerce/product-filter-price-slider-style32d4.css]
[www.thegamebakers.com/wp-content/plugins/woocommerce/assets/client/blocks/woocommerce/product-gallery-style32d4.css]
[www.thegamebakers.com/wp-content/plugins/contact-form-7/includes/css/stylesfc7a.css]
[www.thegamebakers.com/wp-content/plugins/woocommerce/assets/css/woocommerce-layout691e.css]
[www.thegamebakers.com/wp-content/plugins/woocommerce/assets/css/woocommerce-smallscreen691e.css]
[www.thegamebakers.com/wp-content/plugins/woocommerce/assets/css/woocommerce691e.css]
[www.thegamebakers.com/wp-content/plugins/woocommerce/assets/css/brands691e.css]
[www.thegamebakers.com/wp-content/themes/xion-progression/style32d4.css]
[www.thegamebakers.com/wp-content/themes/xion-progression-child/style32d4.css]
[www.thegamebakers.com/wp-content/themes/xion-progression/inc/fonts/font-awesome/css/font-awesome-58a54.css]
[www.thegamebakers.com/wp-content/themes/xion-progression/css/progression_studios_custom_styles32d4.css]
[www.thegamebakers.com/wp-content/uploads/2024/10/testbannerguardians.jpg]
[www.thegamebakers.com/wp-content/plugins/boosted-elements-progression/assets/css/frontend.min32d4.css]
[www.thegamebakers.com/wp-content/plugins/elementor/assets/css/frontend.min2801.css]
[www.thegamebakers.com/wp-content/uploads/elementor/css/post-348f88.css]
[www.thegamebakers.com/wp-content/plugins/mailin/css/mailin-front32d4.css]
[www.thegamebakers.com/wp-content/plugins/adaka-cookie-notice/css/front32d4.css]
[www.thegamebakers.com/wp-content/uploads/elementor/google-fonts/css/shared0b9.css]
[www.thegamebakers.com/wp-includes/js/jquery/jquery.minf43b.js]
[www.thegamebakers.com/wp-includes/js/jquery/jquery-migrate.min5589.js]
[www.thegamebakers.com/wp-content/plugins/woocommerce/assets/js/jquery-blockui/jquery.blockUI.min9ed3.js]
[www.thegamebakers.com/wp-content/plugins/woocommerce/assets/js/frontend/add-to-cart.min691e.js]
[www.thegamebakers.com/wp-content/plugins/woocommerce/assets/js/js-cookie/js.cookie.min5e52.js]
[www.thegamebakers.com/wp-content/plugins/woocommerce/assets/js/frontend/woocommerce.min691e.js]
[www.thegamebakers.com/wp-content/plugins/mailin/js/mailin-front4399.js]
[www.thegamebakers.com/wp-content/plugins/adaka-cookie-notice/js/frontdc8c.js]
[www.thegamebakers.com/wp-includes/js/tw-sack.min51a2.js]
[www.thegamebakers.com/wp-content/uploads/2024/07/Haven_TGBLogo-copy-100x100.png]
[www.thegamebakers.com/wp-content/uploads/2024/07/Haven_TGBLogo-copy-600x600.png]
[www.thegamebakers.com/wp-content/uploads/2024/09/TGB_Logo_v2_White.png]
[www.thegamebakers.com/wp-content/uploads/2024/12/cairn_inlinelogo_white.png]
[www.thegamebakers.com/wp-content/uploads/2025/08/Steam_Wishlist.png]
[www.thegamebakers.com/wp-content/uploads/2025/08/Steam_Wishlist_Hover.png]
[www.thegamebakers.com/wp-content/uploads/2025/08/PS5_Wishlist.png]
[www.thegamebakers.com/wp-content/uploads/2025/08/PS5_Wishlist_Hover.png]
[www.thegamebakers.com/wp-content/uploads/2025/08/Steam_Demo.png]
[www.thegamebakers.com/wp-content/uploads/2025/08/Steam_Demo_Hover.png]
[www.thegamebakers.com/wp-content/uploads/2025/08/PS5_Demo.png]
[www.thegamebakers.com/wp-content/uploads/2025/08/PS5_Demo_Hover.png]
[www.thegamebakers.com/wp-content/uploads/2024/12/capture-decran-2024-06-05-1700141-358x98.png]
[www.thegamebakers.com/wp-content/uploads/2024/12/groupe-discord-oN-358x168-1.png]
[www.thegamebakers.com/wp-content/uploads/2024/12/groupe-discord-hover-358x168-1.png]
[www.thegamebakers.com/wp-content/uploads/2024/12/06_varietylandscape_011.png]
[www.thegamebakers.com/wp-content/uploads/2024/12/06_varietylandscape_011-600x338.png]
[www.thegamebakers.com/wp-content/uploads/2024/12/03_freedomofchoice1.png]
[www.thegamebakers.com/wp-content/uploads/2024/12/03_freedomofchoice1-600x338.png]
[www.thegamebakers.com/wp-content/uploads/2024/12/04_bivouacmanagement-scaled.jpg]
[www.thegamebakers.com/wp-content/uploads/2024/12/04_bivouacmanagement-600x338.jpg]
[www.thegamebakers.com/wp-content/uploads/2024/12/05_storyandcharacters-scaled.jpg]
[www.thegamebakers.com/wp-content/uploads/2024/12/05_storyandcharacters-600x338.jpg]
[www.thegamebakers.com/wp-content/uploads/2024/12/07_mountainfaceoff.png]
[www.thegamebakers.com/wp-content/uploads/2024/12/07_mountainfaceoff-600x338.png]
[www.thegamebakers.com/wp-content/uploads/2024/12/09_varietyweather.png]
[www.thegamebakers.com/wp-content/uploads/2024/12/09_varietyweather-600x338.png]
[www.thegamebakers.com/wp-content/uploads/2024/12/10_varietylandscape_02.png]
[www.thegamebakers.com/wp-content/uploads/2024/12/10_varietylandscape_02-600x338.png]
[www.thegamebakers.com/wp-content/uploads/2024/12/01_trueclimbingxp-scaled.jpg]
[www.thegamebakers.com/wp-content/uploads/2024/12/01_trueclimbingxp-600x338.jpg]
[www.thegamebakers.com/wp-content/uploads/2024/12/02_survivalclimbing-scaled.jpg]
[www.thegamebakers.com/wp-content/uploads/2024/12/02_survivalclimbing-600x338.jpg]
[www.thegamebakers.com/wp-content/uploads/2024/12/08_bossfightwall.png]
[www.thegamebakers.com/wp-content/uploads/2024/12/08_bossfightwall-600x338.png]
[www.thegamebakers.com/wp-content/themes/xion-progression-child/assets/img/cairn/visuel_sous_screens.png]
[www.thegamebakers.com/wp-content/themes/xion-progression-child/assets/img/cairn/visuels_bas.png]
[www.thegamebakers.com/wp-content/uploads/2024/07/TGB_logo_rust.png]
[www.thegamebakers.com/wp-content/plugins/woocommerce/assets/client/blocks/wc-blocksa5a5.css]
[www.thegamebakers.com/wp-content/plugins/elementor/assets/css/widget-image.min2801.css]
[www.thegamebakers.com/wp-content/plugins/elementor/assets/css/widget-social-icons.min2801.css]
[www.thegamebakers.com/wp-content/plugins/elementor/assets/css/conditionals/apple-webkit.min2801.css]
[www.thegamebakers.com/wp-content/plugins/elementor/assets/css/widget-heading.min2801.css]
[www.thegamebakers.com/wp-content/plugins/elementor/assets/css/widget-icon-list.min2801.css]
[www.thegamebakers.com/wp-content/plugins/elementor/assets/css/widget-divider.min2801.css]
[www.thegamebakers.com/wp-content/uploads/elementor/css/post-44538f88.css]
[www.thegamebakers.com/wp-content/uploads/elementor/google-fonts/css/roboto08a7.css]
[www.thegamebakers.com/wp-content/uploads/elementor/google-fonts/css/robotoslabf000.css]
[www.thegamebakers.com/wp-content/uploads/elementor/google-fonts/css/spacegroteskd0b9.css]
[www.thegamebakers.com/wp-includes/js/dist/hooks.min4fdd.js]
[www.thegamebakers.com/wp-includes/js/dist/i18n.minc33c.js]
[www.thegamebakers.com/wp-content/plugins/contact-form-7/includes/swv/js/indexfc7a.js]
[www.thegamebakers.com/wp-content/plugins/contact-form-7/includes/js/indexfc7a.js]
[www.thegamebakers.com/wp-content/themes/xion-progression/js/navigation11a8.js]
[www.thegamebakers.com/wp-content/themes/xion-progression/js/fitvids11a8.js]
[www.thegamebakers.com/wp-content/themes/xion-progression/js/scrolltofixed11a8.js]
[www.thegamebakers.com/wp-content/themes/xion-progression/js/scripts11a8.js]
[www.thegamebakers.com/wp-content/plugins/woocommerce/assets/js/sourcebuster/sourcebuster.min691e.js]
[www.thegamebakers.com/wp-content/plugins/woocommerce/assets/js/frontend/order-attribution.min691e.js]
[www.thegamebakers.com/wp-content/plugins/elementor/assets/js/webpack.runtime.min2801.js]
[www.thegamebakers.com/wp-content/plugins/elementor/assets/js/frontend-modules.min2801.js]
[www.thegamebakers.com/wp-includes/js/jquery/ui/core.minb37e.js]
[www.thegamebakers.com/wp-content/plugins/elementor/assets/js/frontend.min2801.js]
[www.thegamebakers.com/wp-content/plugins/elementor-pro/assets/js/webpack-pro.runtime.min2801.js]
[www.thegamebakers.com/wp-content/plugins/elementor-pro/assets/js/frontend.min2801.js]
[www.thegamebakers.com/wp-content/plugins/elementor-pro/assets/js/elements-handlers.min2801.js]
[www.thegamebakers.com/cairn/index.html]
[www.thegamebakers.com/wp-content/themes/xion-progression-child/assets/img/cairn/press_kit_on.png]
[www.thegamebakers.com/wp-content/themes/xion-progression-child/assets/img/cairn/press_kit_hover.png]
[www.thegamebakers.com/wp-content/themes/xion-progression-child/assets/img/cairn/L-Line.png]
[www.thegamebakers.com/wp-content/themes/xion-progression-child/assets/img/cairn/R-Line.png]
[www.thegamebakers.com/wp-content/themes/xion-progression-child/assets/img/cairn/suscribe_on.png]
[www.thegamebakers.com/wp-content/themes/xion-progression-child/assets/img/cairn/suscribe_hover.png]
[www.thegamebakers.com/wp-content/themes/xion-progression-child/assets/css/cairn68b3.css]
[www.thegamebakers.com/wp-includes/css/dist/block-library/style.min32d4.css]
[www.thegamebakers.com/wp-content/plugins/woocommerce/assets/client/blocks/woocommerce/add-to-cart-form-style32d4.css]
[www.thegamebakers.com/wp-content/plugins/woocommerce/assets/client/blocks/woocommerce/product-filter-price-slider-style32d4.css]
[www.thegamebakers.com/wp-content/plugins/woocommerce/assets/client/blocks/woocommerce/product-gallery-style32d4.css]
[www.thegamebakers.com/wp-content/plugins/contact-form-7/includes/css/stylesfc7a.css]
[www.thegamebakers.com/wp-content/plugins/woocommerce/assets/css/woocommerce-layout691e.css]
[www.thegamebakers.com/wp-content/plugins/woocommerce/assets/css/woocommerce-smallscreen691e.css]
[www.thegamebakers.com/wp-content/plugins/woocommerce/assets/css/woocommerce691e.css]
[www.thegamebakers.com/wp-content/plugins/woocommerce/assets/css/brands691e.css]
[www.thegamebakers.com/wp-content/themes/xion-progression/inc/fonts/custom-icons/font/progression-custom-iconsba13.eot]
[www.thegamebakers.com/wp-content/themes/xion-progression/inc/fonts/custom-icons/font/progression-custom-iconsba13.woff]
[www.thegamebakers.com/wp-content/themes/xion-progression/inc/fonts/custom-icons/font/progression-custom-iconsba13.ttf]
[www.thegamebakers.com/wp-content/themes/xion-progression/images/search-magnify-light.png]
[www.thegamebakers.com/wp-content/themes/xion-progression/images/search-magnify-light@2x.png]
[www.thegamebakers.com/wp-content/themes/xion-progression/images/search-magnify.png]
[www.thegamebakers.com/wp-content/themes/xion-progression/images/search-magnify@2x.png]
[www.thegamebakers.com/wp-content/themes/xion-progression/images/select-arrow.png]
[www.thegamebakers.com/wp-content/themes/xion-progression/images/select-arrow@2x.png]
[www.thegamebakers.com/wp-content/themes/xion-progression/style32d4.css]
[www.thegamebakers.com/wp-content/themes/xion-progression-child/style32d4.css]
[www.thegamebakers.com/wp-content/themes/xion-progression/inc/fonts/font-awesome/css/font-awesome-58a54.css]
[www.thegamebakers.com/wp-content/themes/xion-progression/css/progression_studios_custom_styles32d4.css]
[www.thegamebakers.com/wp-content/plugins/boosted-elements-progression/assets/images/fotorama.png]
[www.thegamebakers.com/wp-content/plugins/boosted-elements-progression/assets/images/fotorama@2x.png]
[www.thegamebakers.com/wp-content/plugins/boosted-elements-progression/assets/css/frontend.min32d4.css]
[www.thegamebakers.com/wp-content/plugins/elementor/assets/css/frontend.min2801.css]
[www.thegamebakers.com/wp-content/uploads/elementor/css/post-348f88.css]
[www.thegamebakers.com/wp-content/plugins/mailin/img/flags/fr.png]
[www.thegamebakers.com/wp-content/plugins/mailin/img/flags/ad.png]
[www.thegamebakers.com/wp-content/plugins/mailin/css/mailin-front32d4.css]
[www.thegamebakers.com/wp-content/plugins/adaka-cookie-notice/css/front32d4.css]
[www.thegamebakers.com/wp-content/uploads/elementor/google-fonts/css/shared0b9.css]
[www.thegamebakers.com/wp-content/plugins/woocommerce/assets/client/blocks/wc-blocksa5a5.css]
[www.thegamebakers.com/wp-content/plugins/elementor/assets/css/widget-image.min2801.css]
[www.thegamebakers.com/wp-content/plugins/elementor/assets/css/widget-social-icons.min2801.css]
[www.thegamebakers.com/wp-content/plugins/elementor/assets/css/conditionals/apple-webkit.min2801.css]
[www.thegamebakers.com/wp-content/plugins/elementor/assets/css/widget-heading.min2801.css]
[www.thegamebakers.com/wp-content/plugins/elementor/assets/css/widget-icon-list.min2801.css]
[www.thegamebakers.com/wp-content/plugins/elementor/assets/css/widget-divider.min2801.css]
[www.thegamebakers.com/wp-content/uploads/elementor/css/post-44538f88.css]
[www.thegamebakers.com/wp-content/uploads/elementor/google-fonts/css/roboto08a7.css]
[www.thegamebakers.com/wp-content/uploads/elementor/google-fonts/css/robotoslabf000.css]
[www.thegamebakers.com/wp-content/uploads/elementor/google-fonts/css/spacegroteskd0b9.css]
[www.thegamebakers.com/wp-content/themes/xion-progression/inc/fonts/custom-icons/font/progression-custom-iconsba13.html]
[www.thegamebakers.com/wp-content/themes/xion-progression/inc/fonts/custom-icons/font/progression-custom-iconsba13.svg]
